============================= test session starts ==============================
platform linux -- Python 3.12.3, pytest-8.4.2, pluggy-1.6.0 -- /home/yazadpardiwala2003/MLOps/MLOps-W4-G.A.-/.venv/bin/python3
cachedir: .pytest_cache
rootdir: /home/yazadpardiwala2003/MLOps/MLOps-W4-G.A.-
plugins: hydra-core-1.3.2
collecting ... collected 1 item

test_model.py::test_model PASSED                                         [100%]

============================== 1 passed in 1.83s ===============================
